MO DataIO NULL DataIO.v vlg3E/_data_i_o.bin 1461779155
MO DFlipFlop NULL DFlipFlop.v vlg60/_d_flip_flop.bin 1461624239
MO FlashI2C NULL FlashI2C.v vlg18/_flash_i2_c.bin 1461779155
MO Controller NULL Controller.v vlg34/_controller.bin 1461780263
MO Address NULL Address.v vlg5A/_address.bin 1461779155
MO ShiftReg NULL ShiftReg.v vlg08/_shift_reg.bin 1461781610
MO DeviceId NULL DeviceId.v vlg4D/_device_id.bin 1461779155
